
> tfg-backend@1.0.0 test
> cross-env NODE_ENV=test jest tests/unit/controllers/risk.controller.test.js --no-coverage

[baseline-browser-mapping] The data in this module is over two months old.  To ensure accurate Baseline data, please update: `npm i baseline-browser-mapping@latest -D`
  console.log
    [RiskController] Predicting risks with language: es

      at console.log (tests/setup/test-setup.js:28:19)

  console.log
    [RiskController] Query params: {}

      at console.log (tests/setup/test-setup.js:28:19)

  console.log
    [RiskController] User preferred language: es

      at console.log (tests/setup/test-setup.js:28:19)

  console.log
    [RiskController] First risk title: undefined

      at console.log (tests/setup/test-setup.js:28:19)

  console.log
    [RiskController] Response language: es

      at console.log (tests/setup/test-setup.js:28:19)

  console.log
    [RiskController] Predicting risks with language: es

      at console.log (tests/setup/test-setup.js:28:19)

  console.log
    [RiskController] Query params: {}

      at console.log (tests/setup/test-setup.js:28:19)

  console.log
    [RiskController] User preferred language: es

      at console.log (tests/setup/test-setup.js:28:19)

  console.error
    Error predicting risks: Error: Project not found
        at Object.<anonymous> (C:\Users\Javier\Documents\GitHub\TFGRepos\Back\tfg-backend\tests\unit\controllers\risk.controller.test.js:72:21)
        at Promise.finally.completed (C:\Users\Javier\Documents\GitHub\TFGRepos\Back\tfg-backend\node_modules\jest-circus\build\jestAdapterInit.js:1557:28)
        at new Promise (<anonymous>)
        at callAsyncCircusFn (C:\Users\Javier\Documents\GitHub\TFGRepos\Back\tfg-backend\node_modules\jest-circus\build\jestAdapterInit.js:1497:10)
        at _callCircusTest (C:\Users\Javier\Documents\GitHub\TFGRepos\Back\tfg-backend\node_modules\jest-circus\build\jestAdapterInit.js:1007:40)
        at _runTest (C:\Users\Javier\Documents\GitHub\TFGRepos\Back\tfg-backend\node_modules\jest-circus\build\jestAdapterInit.js:947:3)
        at C:\Users\Javier\Documents\GitHub\TFGRepos\Back\tfg-backend\node_modules\jest-circus\build\jestAdapterInit.js:849:7
        at _runTestsForDescribeBlock (C:\Users\Javier\Documents\GitHub\TFGRepos\Back\tfg-backend\node_modules\jest-circus\build\jestAdapterInit.js:862:11)
        at _runTestsForDescribeBlock (C:\Users\Javier\Documents\GitHub\TFGRepos\Back\tfg-backend\node_modules\jest-circus\build\jestAdapterInit.js:857:11)
        at _runTestsForDescribeBlock (C:\Users\Javier\Documents\GitHub\TFGRepos\Back\tfg-backend\node_modules\jest-circus\build\jestAdapterInit.js:857:11)
        at run (C:\Users\Javier\Documents\GitHub\TFGRepos\Back\tfg-backend\node_modules\jest-circus\build\jestAdapterInit.js:761:3)
        at runAndTransformResultsToJestFormat (C:\Users\Javier\Documents\GitHub\TFGRepos\Back\tfg-backend\node_modules\jest-circus\build\jestAdapterInit.js:1918:21)
        at jestAdapter (C:\Users\Javier\Documents\GitHub\TFGRepos\Back\tfg-backend\node_modules\jest-circus\build\runner.js:101:19)
        at runTestInternal (C:\Users\Javier\Documents\GitHub\TFGRepos\Back\tfg-backend\node_modules\jest-runner\build\index.js:275:16)
        at runTest (C:\Users\Javier\Documents\GitHub\TFGRepos\Back\tfg-backend\node_modules\jest-runner\build\index.js:343:7)

    [0m [90m 36 |[39m     [36mreturn[39m[33m;[39m
     [90m 37 |[39m   }
    [31m[1m>[22m[39m[90m 38 |[39m   originalConsole[33m.[39merror([33m...[39margs)[33m;[39m
     [90m    |[39m                   [31m[1m^[22m[39m
     [90m 39 |[39m }[33m;[39m
     [90m 40 |[39m
     [90m 41 |[39m [90m// Timeout global para tests[39m[0m

      at console.error (tests/setup/test-setup.js:38:19)
      at RiskController.error [as predictRisks] (src/controllers/risk.controller.js:41:15)
      at Object.<anonymous> (tests/unit/controllers/risk.controller.test.js:75:7)

  console.log
    [RiskController] Predicting risks with language: es

      at console.log (tests/setup/test-setup.js:28:19)

  console.log
    [RiskController] Query params: {}

      at console.log (tests/setup/test-setup.js:28:19)

  console.log
    [RiskController] User preferred language: es

      at console.log (tests/setup/test-setup.js:28:19)

  console.error
    Error predicting risks: Error: Service error
        at Object.<anonymous> (C:\Users\Javier\Documents\GitHub\TFGRepos\Back\tfg-backend\tests\unit\controllers\risk.controller.test.js:82:21)
        at Promise.finally.completed (C:\Users\Javier\Documents\GitHub\TFGRepos\Back\tfg-backend\node_modules\jest-circus\build\jestAdapterInit.js:1557:28)
        at new Promise (<anonymous>)
        at callAsyncCircusFn (C:\Users\Javier\Documents\GitHub\TFGRepos\Back\tfg-backend\node_modules\jest-circus\build\jestAdapterInit.js:1497:10)
        at _callCircusTest (C:\Users\Javier\Documents\GitHub\TFGRepos\Back\tfg-backend\node_modules\jest-circus\build\jestAdapterInit.js:1007:40)
        at _runTest (C:\Users\Javier\Documents\GitHub\TFGRepos\Back\tfg-backend\node_modules\jest-circus\build\jestAdapterInit.js:947:3)
        at C:\Users\Javier\Documents\GitHub\TFGRepos\Back\tfg-backend\node_modules\jest-circus\build\jestAdapterInit.js:849:7
        at _runTestsForDescribeBlock (C:\Users\Javier\Documents\GitHub\TFGRepos\Back\tfg-backend\node_modules\jest-circus\build\jestAdapterInit.js:862:11)
        at _runTestsForDescribeBlock (C:\Users\Javier\Documents\GitHub\TFGRepos\Back\tfg-backend\node_modules\jest-circus\build\jestAdapterInit.js:857:11)
        at _runTestsForDescribeBlock (C:\Users\Javier\Documents\GitHub\TFGRepos\Back\tfg-backend\node_modules\jest-circus\build\jestAdapterInit.js:857:11)
        at run (C:\Users\Javier\Documents\GitHub\TFGRepos\Back\tfg-backend\node_modules\jest-circus\build\jestAdapterInit.js:761:3)
        at runAndTransformResultsToJestFormat (C:\Users\Javier\Documents\GitHub\TFGRepos\Back\tfg-backend\node_modules\jest-circus\build\jestAdapterInit.js:1918:21)
        at jestAdapter (C:\Users\Javier\Documents\GitHub\TFGRepos\Back\tfg-backend\node_modules\jest-circus\build\runner.js:101:19)
        at runTestInternal (C:\Users\Javier\Documents\GitHub\TFGRepos\Back\tfg-backend\node_modules\jest-runner\build\index.js:275:16)
        at runTest (C:\Users\Javier\Documents\GitHub\TFGRepos\Back\tfg-backend\node_modules\jest-runner\build\index.js:343:7)

    [0m [90m 36 |[39m     [36mreturn[39m[33m;[39m
     [90m 37 |[39m   }
    [31m[1m>[22m[39m[90m 38 |[39m   originalConsole[33m.[39merror([33m...[39margs)[33m;[39m
     [90m    |[39m                   [31m[1m^[22m[39m
     [90m 39 |[39m }[33m;[39m
     [90m 40 |[39m
     [90m 41 |[39m [90m// Timeout global para tests[39m[0m

      at console.error (tests/setup/test-setup.js:38:19)
      at RiskController.error [as predictRisks] (src/controllers/risk.controller.js:41:15)
      at Object.<anonymous> (tests/unit/controllers/risk.controller.test.js:85:7)

  console.error
    Error getting project risks: TypeError: Cannot read properties of undefined (reading 'map')
        at RiskController.map [as getProjectRisks] (C:\Users\Javier\Documents\GitHub\TFGRepos\Back\tfg-backend\src\controllers\risk.controller.js:72:44)
        at Object.<anonymous> (C:\Users\Javier\Documents\GitHub\TFGRepos\Back\tfg-backend\tests\unit\controllers\risk.controller.test.js:100:7)

    [0m [90m 36 |[39m     [36mreturn[39m[33m;[39m
     [90m 37 |[39m   }
    [31m[1m>[22m[39m[90m 38 |[39m   originalConsole[33m.[39merror([33m...[39margs)[33m;[39m
     [90m    |[39m                   [31m[1m^[22m[39m
     [90m 39 |[39m }[33m;[39m
     [90m 40 |[39m
     [90m 41 |[39m [90m// Timeout global para tests[39m[0m

      at console.error (tests/setup/test-setup.js:38:19)
      at RiskController.error [as getProjectRisks] (src/controllers/risk.controller.js:83:15)
      at Object.<anonymous> (tests/unit/controllers/risk.controller.test.js:100:7)

  console.error
    Error getting project risks: TypeError: Cannot read properties of undefined (reading 'map')
        at RiskController.map [as getProjectRisks] (C:\Users\Javier\Documents\GitHub\TFGRepos\Back\tfg-backend\src\controllers\risk.controller.js:72:44)
        at Object.<anonymous> (C:\Users\Javier\Documents\GitHub\TFGRepos\Back\tfg-backend\tests\unit\controllers\risk.controller.test.js:118:7)

    [0m [90m 36 |[39m     [36mreturn[39m[33m;[39m
     [90m 37 |[39m   }
    [31m[1m>[22m[39m[90m 38 |[39m   originalConsole[33m.[39merror([33m...[39margs)[33m;[39m
     [90m    |[39m                   [31m[1m^[22m[39m
     [90m 39 |[39m }[33m;[39m
     [90m 40 |[39m
     [90m 41 |[39m [90m// Timeout global para tests[39m[0m

      at console.error (tests/setup/test-setup.js:38:19)
      at RiskController.error [as getProjectRisks] (src/controllers/risk.controller.js:83:15)
      at Object.<anonymous> (tests/unit/controllers/risk.controller.test.js:118:7)

  console.error
    Error getting project risks: TypeError: Cannot read properties of undefined (reading 'map')
        at RiskController.map [as getProjectRisks] (C:\Users\Javier\Documents\GitHub\TFGRepos\Back\tfg-backend\src\controllers\risk.controller.js:72:44)
        at Object.<anonymous> (C:\Users\Javier\Documents\GitHub\TFGRepos\Back\tfg-backend\tests\unit\controllers\risk.controller.test.js:131:7)

    [0m [90m 36 |[39m     [36mreturn[39m[33m;[39m
     [90m 37 |[39m   }
    [31m[1m>[22m[39m[90m 38 |[39m   originalConsole[33m.[39merror([33m...[39margs)[33m;[39m
     [90m    |[39m                   [31m[1m^[22m[39m
     [90m 39 |[39m }[33m;[39m
     [90m 40 |[39m
     [90m 41 |[39m [90m// Timeout global para tests[39m[0m

      at console.error (tests/setup/test-setup.js:38:19)
      at RiskController.error [as getProjectRisks] (src/controllers/risk.controller.js:83:15)
      at Object.<anonymous> (tests/unit/controllers/risk.controller.test.js:131:7)

  console.error
    Error getting project risks: Error: Project not found
        at Object.<anonymous> (C:\Users\Javier\Documents\GitHub\TFGRepos\Back\tfg-backend\tests\unit\controllers\risk.controller.test.js:141:21)
        at Promise.finally.completed (C:\Users\Javier\Documents\GitHub\TFGRepos\Back\tfg-backend\node_modules\jest-circus\build\jestAdapterInit.js:1557:28)
        at new Promise (<anonymous>)
        at callAsyncCircusFn (C:\Users\Javier\Documents\GitHub\TFGRepos\Back\tfg-backend\node_modules\jest-circus\build\jestAdapterInit.js:1497:10)
        at _callCircusTest (C:\Users\Javier\Documents\GitHub\TFGRepos\Back\tfg-backend\node_modules\jest-circus\build\jestAdapterInit.js:1007:40)
        at _runTest (C:\Users\Javier\Documents\GitHub\TFGRepos\Back\tfg-backend\node_modules\jest-circus\build\jestAdapterInit.js:947:3)
        at C:\Users\Javier\Documents\GitHub\TFGRepos\Back\tfg-backend\node_modules\jest-circus\build\jestAdapterInit.js:849:7
        at _runTestsForDescribeBlock (C:\Users\Javier\Documents\GitHub\TFGRepos\Back\tfg-backend\node_modules\jest-circus\build\jestAdapterInit.js:862:11)
        at _runTestsForDescribeBlock (C:\Users\Javier\Documents\GitHub\TFGRepos\Back\tfg-backend\node_modules\jest-circus\build\jestAdapterInit.js:857:11)
        at _runTestsForDescribeBlock (C:\Users\Javier\Documents\GitHub\TFGRepos\Back\tfg-backend\node_modules\jest-circus\build\jestAdapterInit.js:857:11)
        at run (C:\Users\Javier\Documents\GitHub\TFGRepos\Back\tfg-backend\node_modules\jest-circus\build\jestAdapterInit.js:761:3)
        at runAndTransformResultsToJestFormat (C:\Users\Javier\Documents\GitHub\TFGRepos\Back\tfg-backend\node_modules\jest-circus\build\jestAdapterInit.js:1918:21)
        at jestAdapter (C:\Users\Javier\Documents\GitHub\TFGRepos\Back\tfg-backend\node_modules\jest-circus\build\runner.js:101:19)
        at runTestInternal (C:\Users\Javier\Documents\GitHub\TFGRepos\Back\tfg-backend\node_modules\jest-runner\build\index.js:275:16)
        at runTest (C:\Users\Javier\Documents\GitHub\TFGRepos\Back\tfg-backend\node_modules\jest-runner\build\index.js:343:7)

    [0m [90m 36 |[39m     [36mreturn[39m[33m;[39m
     [90m 37 |[39m   }
    [31m[1m>[22m[39m[90m 38 |[39m   originalConsole[33m.[39merror([33m...[39margs)[33m;[39m
     [90m    |[39m                   [31m[1m^[22m[39m
     [90m 39 |[39m }[33m;[39m
     [90m 40 |[39m
     [90m 41 |[39m [90m// Timeout global para tests[39m[0m

      at console.error (tests/setup/test-setup.js:38:19)
      at RiskController.error [as getProjectRisks] (src/controllers/risk.controller.js:83:15)
      at Object.<anonymous> (tests/unit/controllers/risk.controller.test.js:144:7)

  console.error
    Error getting risk: Error: Database error
        at Object.<anonymous> (C:\Users\Javier\Documents\GitHub\TFGRepos\Back\tfg-backend\tests\unit\controllers\risk.controller.test.js:195:21)
        at Promise.finally.completed (C:\Users\Javier\Documents\GitHub\TFGRepos\Back\tfg-backend\node_modules\jest-circus\build\jestAdapterInit.js:1557:28)
        at new Promise (<anonymous>)
        at callAsyncCircusFn (C:\Users\Javier\Documents\GitHub\TFGRepos\Back\tfg-backend\node_modules\jest-circus\build\jestAdapterInit.js:1497:10)
        at _callCircusTest (C:\Users\Javier\Documents\GitHub\TFGRepos\Back\tfg-backend\node_modules\jest-circus\build\jestAdapterInit.js:1007:40)
        at _runTest (C:\Users\Javier\Documents\GitHub\TFGRepos\Back\tfg-backend\node_modules\jest-circus\build\jestAdapterInit.js:947:3)
        at C:\Users\Javier\Documents\GitHub\TFGRepos\Back\tfg-backend\node_modules\jest-circus\build\jestAdapterInit.js:849:7
        at _runTestsForDescribeBlock (C:\Users\Javier\Documents\GitHub\TFGRepos\Back\tfg-backend\node_modules\jest-circus\build\jestAdapterInit.js:862:11)
        at _runTestsForDescribeBlock (C:\Users\Javier\Documents\GitHub\TFGRepos\Back\tfg-backend\node_modules\jest-circus\build\jestAdapterInit.js:857:11)
        at _runTestsForDescribeBlock (C:\Users\Javier\Documents\GitHub\TFGRepos\Back\tfg-backend\node_modules\jest-circus\build\jestAdapterInit.js:857:11)
        at run (C:\Users\Javier\Documents\GitHub\TFGRepos\Back\tfg-backend\node_modules\jest-circus\build\jestAdapterInit.js:761:3)
        at runAndTransformResultsToJestFormat (C:\Users\Javier\Documents\GitHub\TFGRepos\Back\tfg-backend\node_modules\jest-circus\build\jestAdapterInit.js:1918:21)
        at jestAdapter (C:\Users\Javier\Documents\GitHub\TFGRepos\Back\tfg-backend\node_modules\jest-circus\build\runner.js:101:19)
        at runTestInternal (C:\Users\Javier\Documents\GitHub\TFGRepos\Back\tfg-backend\node_modules\jest-runner\build\index.js:275:16)
        at runTest (C:\Users\Javier\Documents\GitHub\TFGRepos\Back\tfg-backend\node_modules\jest-runner\build\index.js:343:7)

    [0m [90m 36 |[39m     [36mreturn[39m[33m;[39m
     [90m 37 |[39m   }
    [31m[1m>[22m[39m[90m 38 |[39m   originalConsole[33m.[39merror([33m...[39margs)[33m;[39m
     [90m    |[39m                   [31m[1m^[22m[39m
     [90m 39 |[39m }[33m;[39m
     [90m 40 |[39m
     [90m 41 |[39m [90m// Timeout global para tests[39m[0m

      at console.error (tests/setup/test-setup.js:38:19)
      at RiskController.error [as getRiskById] (src/controllers/risk.controller.js:124:15)
      at Object.getRiskById (tests/unit/controllers/risk.controller.test.js:200:28)

  console.error
    Error updating risk feedback: Error: Database error
        at Object.<anonymous> (C:\Users\Javier\Documents\GitHub\TFGRepos\Back\tfg-backend\tests\unit\controllers\risk.controller.test.js:249:21)
        at Promise.finally.completed (C:\Users\Javier\Documents\GitHub\TFGRepos\Back\tfg-backend\node_modules\jest-circus\build\jestAdapterInit.js:1557:28)
        at new Promise (<anonymous>)
        at callAsyncCircusFn (C:\Users\Javier\Documents\GitHub\TFGRepos\Back\tfg-backend\node_modules\jest-circus\build\jestAdapterInit.js:1497:10)
        at _callCircusTest (C:\Users\Javier\Documents\GitHub\TFGRepos\Back\tfg-backend\node_modules\jest-circus\build\jestAdapterInit.js:1007:40)
        at _runTest (C:\Users\Javier\Documents\GitHub\TFGRepos\Back\tfg-backend\node_modules\jest-circus\build\jestAdapterInit.js:947:3)
        at C:\Users\Javier\Documents\GitHub\TFGRepos\Back\tfg-backend\node_modules\jest-circus\build\jestAdapterInit.js:849:7
        at _runTestsForDescribeBlock (C:\Users\Javier\Documents\GitHub\TFGRepos\Back\tfg-backend\node_modules\jest-circus\build\jestAdapterInit.js:862:11)
        at _runTestsForDescribeBlock (C:\Users\Javier\Documents\GitHub\TFGRepos\Back\tfg-backend\node_modules\jest-circus\build\jestAdapterInit.js:857:11)
        at _runTestsForDescribeBlock (C:\Users\Javier\Documents\GitHub\TFGRepos\Back\tfg-backend\node_modules\jest-circus\build\jestAdapterInit.js:857:11)
        at run (C:\Users\Javier\Documents\GitHub\TFGRepos\Back\tfg-backend\node_modules\jest-circus\build\jestAdapterInit.js:761:3)
        at runAndTransformResultsToJestFormat (C:\Users\Javier\Documents\GitHub\TFGRepos\Back\tfg-backend\node_modules\jest-circus\build\jestAdapterInit.js:1918:21)
        at jestAdapter (C:\Users\Javier\Documents\GitHub\TFGRepos\Back\tfg-backend\node_modules\jest-circus\build\runner.js:101:19)
        at runTestInternal (C:\Users\Javier\Documents\GitHub\TFGRepos\Back\tfg-backend\node_modules\jest-runner\build\index.js:275:16)
        at runTest (C:\Users\Javier\Documents\GitHub\TFGRepos\Back\tfg-backend\node_modules\jest-runner\build\index.js:343:7)

    [0m [90m 36 |[39m     [36mreturn[39m[33m;[39m
     [90m 37 |[39m   }
    [31m[1m>[22m[39m[90m 38 |[39m   originalConsole[33m.[39merror([33m...[39margs)[33m;[39m
     [90m    |[39m                   [31m[1m^[22m[39m
     [90m 39 |[39m }[33m;[39m
     [90m 40 |[39m
     [90m 41 |[39m [90m// Timeout global para tests[39m[0m

      at console.error (tests/setup/test-setup.js:38:19)
      at RiskController.error [as updateRiskFeedback] (src/controllers/risk.controller.js:359:15)
      at Object.<anonymous> (tests/unit/controllers/risk.controller.test.js:252:7)

  console.error
    Error capturing outcome: Error: Project not found
        at Object.<anonymous> (C:\Users\Javier\Documents\GitHub\TFGRepos\Back\tfg-backend\tests\unit\controllers\risk.controller.test.js:291:21)
        at Promise.finally.completed (C:\Users\Javier\Documents\GitHub\TFGRepos\Back\tfg-backend\node_modules\jest-circus\build\jestAdapterInit.js:1557:28)
        at new Promise (<anonymous>)
        at callAsyncCircusFn (C:\Users\Javier\Documents\GitHub\TFGRepos\Back\tfg-backend\node_modules\jest-circus\build\jestAdapterInit.js:1497:10)
        at _callCircusTest (C:\Users\Javier\Documents\GitHub\TFGRepos\Back\tfg-backend\node_modules\jest-circus\build\jestAdapterInit.js:1007:40)
        at _runTest (C:\Users\Javier\Documents\GitHub\TFGRepos\Back\tfg-backend\node_modules\jest-circus\build\jestAdapterInit.js:947:3)
        at C:\Users\Javier\Documents\GitHub\TFGRepos\Back\tfg-backend\node_modules\jest-circus\build\jestAdapterInit.js:849:7
        at _runTestsForDescribeBlock (C:\Users\Javier\Documents\GitHub\TFGRepos\Back\tfg-backend\node_modules\jest-circus\build\jestAdapterInit.js:862:11)
        at _runTestsForDescribeBlock (C:\Users\Javier\Documents\GitHub\TFGRepos\Back\tfg-backend\node_modules\jest-circus\build\jestAdapterInit.js:857:11)
        at _runTestsForDescribeBlock (C:\Users\Javier\Documents\GitHub\TFGRepos\Back\tfg-backend\node_modules\jest-circus\build\jestAdapterInit.js:857:11)
        at run (C:\Users\Javier\Documents\GitHub\TFGRepos\Back\tfg-backend\node_modules\jest-circus\build\jestAdapterInit.js:761:3)
        at runAndTransformResultsToJestFormat (C:\Users\Javier\Documents\GitHub\TFGRepos\Back\tfg-backend\node_modules\jest-circus\build\jestAdapterInit.js:1918:21)
        at jestAdapter (C:\Users\Javier\Documents\GitHub\TFGRepos\Back\tfg-backend\node_modules\jest-circus\build\runner.js:101:19)
        at runTestInternal (C:\Users\Javier\Documents\GitHub\TFGRepos\Back\tfg-backend\node_modules\jest-runner\build\index.js:275:16)
        at runTest (C:\Users\Javier\Documents\GitHub\TFGRepos\Back\tfg-backend\node_modules\jest-runner\build\index.js:343:7)

    [0m [90m 36 |[39m     [36mreturn[39m[33m;[39m
     [90m 37 |[39m   }
    [31m[1m>[22m[39m[90m 38 |[39m   originalConsole[33m.[39merror([33m...[39margs)[33m;[39m
     [90m    |[39m                   [31m[1m^[22m[39m
     [90m 39 |[39m }[33m;[39m
     [90m 40 |[39m
     [90m 41 |[39m [90m// Timeout global para tests[39m[0m

      at console.error (tests/setup/test-setup.js:38:19)
      at RiskController.error [as captureOutcome] (src/controllers/risk.controller.js:389:15)
      at Object.<anonymous> (tests/unit/controllers/risk.controller.test.js:294:7)

  console.error
    Error capturing outcome: Error: Not authorized
        at Object.<anonymous> (C:\Users\Javier\Documents\GitHub\TFGRepos\Back\tfg-backend\tests\unit\controllers\risk.controller.test.js:302:21)
        at Promise.finally.completed (C:\Users\Javier\Documents\GitHub\TFGRepos\Back\tfg-backend\node_modules\jest-circus\build\jestAdapterInit.js:1557:28)
        at new Promise (<anonymous>)
        at callAsyncCircusFn (C:\Users\Javier\Documents\GitHub\TFGRepos\Back\tfg-backend\node_modules\jest-circus\build\jestAdapterInit.js:1497:10)
        at _callCircusTest (C:\Users\Javier\Documents\GitHub\TFGRepos\Back\tfg-backend\node_modules\jest-circus\build\jestAdapterInit.js:1007:40)
        at _runTest (C:\Users\Javier\Documents\GitHub\TFGRepos\Back\tfg-backend\node_modules\jest-circus\build\jestAdapterInit.js:947:3)
        at C:\Users\Javier\Documents\GitHub\TFGRepos\Back\tfg-backend\node_modules\jest-circus\build\jestAdapterInit.js:849:7
        at _runTestsForDescribeBlock (C:\Users\Javier\Documents\GitHub\TFGRepos\Back\tfg-backend\node_modules\jest-circus\build\jestAdapterInit.js:862:11)
        at _runTestsForDescribeBlock (C:\Users\Javier\Documents\GitHub\TFGRepos\Back\tfg-backend\node_modules\jest-circus\build\jestAdapterInit.js:857:11)
        at _runTestsForDescribeBlock (C:\Users\Javier\Documents\GitHub\TFGRepos\Back\tfg-backend\node_modules\jest-circus\build\jestAdapterInit.js:857:11)
        at run (C:\Users\Javier\Documents\GitHub\TFGRepos\Back\tfg-backend\node_modules\jest-circus\build\jestAdapterInit.js:761:3)
        at runAndTransformResultsToJestFormat (C:\Users\Javier\Documents\GitHub\TFGRepos\Back\tfg-backend\node_modules\jest-circus\build\jestAdapterInit.js:1918:21)
        at jestAdapter (C:\Users\Javier\Documents\GitHub\TFGRepos\Back\tfg-backend\node_modules\jest-circus\build\runner.js:101:19)
        at runTestInternal (C:\Users\Javier\Documents\GitHub\TFGRepos\Back\tfg-backend\node_modules\jest-runner\build\index.js:275:16)
        at runTest (C:\Users\Javier\Documents\GitHub\TFGRepos\Back\tfg-backend\node_modules\jest-runner\build\index.js:343:7)

    [0m [90m 36 |[39m     [36mreturn[39m[33m;[39m
     [90m 37 |[39m   }
    [31m[1m>[22m[39m[90m 38 |[39m   originalConsole[33m.[39merror([33m...[39margs)[33m;[39m
     [90m    |[39m                   [31m[1m^[22m[39m
     [90m 39 |[39m }[33m;[39m
     [90m 40 |[39m
     [90m 41 |[39m [90m// Timeout global para tests[39m[0m

      at console.error (tests/setup/test-setup.js:38:19)
      at RiskController.error [as captureOutcome] (src/controllers/risk.controller.js:389:15)
      at Object.<anonymous> (tests/unit/controllers/risk.controller.test.js:305:7)

  console.error
    Error capturing outcome: Error: Field is required
        at Object.<anonymous> (C:\Users\Javier\Documents\GitHub\TFGRepos\Back\tfg-backend\tests\unit\controllers\risk.controller.test.js:313:21)
        at Promise.finally.completed (C:\Users\Javier\Documents\GitHub\TFGRepos\Back\tfg-backend\node_modules\jest-circus\build\jestAdapterInit.js:1557:28)
        at new Promise (<anonymous>)
        at callAsyncCircusFn (C:\Users\Javier\Documents\GitHub\TFGRepos\Back\tfg-backend\node_modules\jest-circus\build\jestAdapterInit.js:1497:10)
        at _callCircusTest (C:\Users\Javier\Documents\GitHub\TFGRepos\Back\tfg-backend\node_modules\jest-circus\build\jestAdapterInit.js:1007:40)
        at _runTest (C:\Users\Javier\Documents\GitHub\TFGRepos\Back\tfg-backend\node_modules\jest-circus\build\jestAdapterInit.js:947:3)
        at C:\Users\Javier\Documents\GitHub\TFGRepos\Back\tfg-backend\node_modules\jest-circus\build\jestAdapterInit.js:849:7
        at _runTestsForDescribeBlock (C:\Users\Javier\Documents\GitHub\TFGRepos\Back\tfg-backend\node_modules\jest-circus\build\jestAdapterInit.js:862:11)
        at _runTestsForDescribeBlock (C:\Users\Javier\Documents\GitHub\TFGRepos\Back\tfg-backend\node_modules\jest-circus\build\jestAdapterInit.js:857:11)
        at _runTestsForDescribeBlock (C:\Users\Javier\Documents\GitHub\TFGRepos\Back\tfg-backend\node_modules\jest-circus\build\jestAdapterInit.js:857:11)
        at run (C:\Users\Javier\Documents\GitHub\TFGRepos\Back\tfg-backend\node_modules\jest-circus\build\jestAdapterInit.js:761:3)
        at runAndTransformResultsToJestFormat (C:\Users\Javier\Documents\GitHub\TFGRepos\Back\tfg-backend\node_modules\jest-circus\build\jestAdapterInit.js:1918:21)
        at jestAdapter (C:\Users\Javier\Documents\GitHub\TFGRepos\Back\tfg-backend\node_modules\jest-circus\build\runner.js:101:19)
        at runTestInternal (C:\Users\Javier\Documents\GitHub\TFGRepos\Back\tfg-backend\node_modules\jest-runner\build\index.js:275:16)
        at runTest (C:\Users\Javier\Documents\GitHub\TFGRepos\Back\tfg-backend\node_modules\jest-runner\build\index.js:343:7)

    [0m [90m 36 |[39m     [36mreturn[39m[33m;[39m
     [90m 37 |[39m   }
    [31m[1m>[22m[39m[90m 38 |[39m   originalConsole[33m.[39merror([33m...[39margs)[33m;[39m
     [90m    |[39m                   [31m[1m^[22m[39m
     [90m 39 |[39m }[33m;[39m
     [90m 40 |[39m
     [90m 41 |[39m [90m// Timeout global para tests[39m[0m

      at console.error (tests/setup/test-setup.js:38:19)
      at RiskController.error [as captureOutcome] (src/controllers/risk.controller.js:389:15)
      at Object.<anonymous> (tests/unit/controllers/risk.controller.test.js:316:7)

  console.error
    Error getting outcome form: Error: Project not found
        at Object.<anonymous> (C:\Users\Javier\Documents\GitHub\TFGRepos\Back\tfg-backend\tests\unit\controllers\risk.controller.test.js:393:21)
        at Promise.finally.completed (C:\Users\Javier\Documents\GitHub\TFGRepos\Back\tfg-backend\node_modules\jest-circus\build\jestAdapterInit.js:1557:28)
        at new Promise (<anonymous>)
        at callAsyncCircusFn (C:\Users\Javier\Documents\GitHub\TFGRepos\Back\tfg-backend\node_modules\jest-circus\build\jestAdapterInit.js:1497:10)
        at _callCircusTest (C:\Users\Javier\Documents\GitHub\TFGRepos\Back\tfg-backend\node_modules\jest-circus\build\jestAdapterInit.js:1007:40)
        at _runTest (C:\Users\Javier\Documents\GitHub\TFGRepos\Back\tfg-backend\node_modules\jest-circus\build\jestAdapterInit.js:947:3)
        at C:\Users\Javier\Documents\GitHub\TFGRepos\Back\tfg-backend\node_modules\jest-circus\build\jestAdapterInit.js:849:7
        at _runTestsForDescribeBlock (C:\Users\Javier\Documents\GitHub\TFGRepos\Back\tfg-backend\node_modules\jest-circus\build\jestAdapterInit.js:862:11)
        at _runTestsForDescribeBlock (C:\Users\Javier\Documents\GitHub\TFGRepos\Back\tfg-backend\node_modules\jest-circus\build\jestAdapterInit.js:857:11)
        at _runTestsForDescribeBlock (C:\Users\Javier\Documents\GitHub\TFGRepos\Back\tfg-backend\node_modules\jest-circus\build\jestAdapterInit.js:857:11)
        at run (C:\Users\Javier\Documents\GitHub\TFGRepos\Back\tfg-backend\node_modules\jest-circus\build\jestAdapterInit.js:761:3)
        at runAndTransformResultsToJestFormat (C:\Users\Javier\Documents\GitHub\TFGRepos\Back\tfg-backend\node_modules\jest-circus\build\jestAdapterInit.js:1918:21)
        at jestAdapter (C:\Users\Javier\Documents\GitHub\TFGRepos\Back\tfg-backend\node_modules\jest-circus\build\runner.js:101:19)
        at runTestInternal (C:\Users\Javier\Documents\GitHub\TFGRepos\Back\tfg-backend\node_modules\jest-runner\build\index.js:275:16)
        at runTest (C:\Users\Javier\Documents\GitHub\TFGRepos\Back\tfg-backend\node_modules\jest-runner\build\index.js:343:7)

    [0m [90m 36 |[39m     [36mreturn[39m[33m;[39m
     [90m 37 |[39m   }
    [31m[1m>[22m[39m[90m 38 |[39m   originalConsole[33m.[39merror([33m...[39margs)[33m;[39m
     [90m    |[39m                   [31m[1m^[22m[39m
     [90m 39 |[39m }[33m;[39m
     [90m 40 |[39m
     [90m 41 |[39m [90m// Timeout global para tests[39m[0m

      at console.error (tests/setup/test-setup.js:38:19)
      at RiskController.error [as getOutcomeForm] (src/controllers/risk.controller.js:421:15)
      at Object.<anonymous> (tests/unit/controllers/risk.controller.test.js:396:7)

  console.error
    Error getting organization insights: Error: Service error
        at Object.<anonymous> (C:\Users\Javier\Documents\GitHub\TFGRepos\Back\tfg-backend\tests\unit\controllers\risk.controller.test.js:424:21)
        at Promise.finally.completed (C:\Users\Javier\Documents\GitHub\TFGRepos\Back\tfg-backend\node_modules\jest-circus\build\jestAdapterInit.js:1557:28)
        at new Promise (<anonymous>)
        at callAsyncCircusFn (C:\Users\Javier\Documents\GitHub\TFGRepos\Back\tfg-backend\node_modules\jest-circus\build\jestAdapterInit.js:1497:10)
        at _callCircusTest (C:\Users\Javier\Documents\GitHub\TFGRepos\Back\tfg-backend\node_modules\jest-circus\build\jestAdapterInit.js:1007:40)
        at _runTest (C:\Users\Javier\Documents\GitHub\TFGRepos\Back\tfg-backend\node_modules\jest-circus\build\jestAdapterInit.js:947:3)
        at C:\Users\Javier\Documents\GitHub\TFGRepos\Back\tfg-backend\node_modules\jest-circus\build\jestAdapterInit.js:849:7
        at _runTestsForDescribeBlock (C:\Users\Javier\Documents\GitHub\TFGRepos\Back\tfg-backend\node_modules\jest-circus\build\jestAdapterInit.js:862:11)
        at _runTestsForDescribeBlock (C:\Users\Javier\Documents\GitHub\TFGRepos\Back\tfg-backend\node_modules\jest-circus\build\jestAdapterInit.js:857:11)
        at _runTestsForDescribeBlock (C:\Users\Javier\Documents\GitHub\TFGRepos\Back\tfg-backend\node_modules\jest-circus\build\jestAdapterInit.js:857:11)
        at run (C:\Users\Javier\Documents\GitHub\TFGRepos\Back\tfg-backend\node_modules\jest-circus\build\jestAdapterInit.js:761:3)
        at runAndTransformResultsToJestFormat (C:\Users\Javier\Documents\GitHub\TFGRepos\Back\tfg-backend\node_modules\jest-circus\build\jestAdapterInit.js:1918:21)
        at jestAdapter (C:\Users\Javier\Documents\GitHub\TFGRepos\Back\tfg-backend\node_modules\jest-circus\build\runner.js:101:19)
        at runTestInternal (C:\Users\Javier\Documents\GitHub\TFGRepos\Back\tfg-backend\node_modules\jest-runner\build\index.js:275:16)
        at runTest (C:\Users\Javier\Documents\GitHub\TFGRepos\Back\tfg-backend\node_modules\jest-runner\build\index.js:343:7)

    [0m [90m 36 |[39m     [36mreturn[39m[33m;[39m
     [90m 37 |[39m   }
    [31m[1m>[22m[39m[90m 38 |[39m   originalConsole[33m.[39merror([33m...[39margs)[33m;[39m
     [90m    |[39m                   [31m[1m^[22m[39m
     [90m 39 |[39m }[33m;[39m
     [90m 40 |[39m
     [90m 41 |[39m [90m// Timeout global para tests[39m[0m

      at console.error (tests/setup/test-setup.js:38:19)
      at RiskController.error [as getOrganizationInsights] (src/controllers/risk.controller.js:448:15)
      at Object.<anonymous> (tests/unit/controllers/risk.controller.test.js:427:7)

  console.error
    Error getting organization stats: Error: Database error
        at Object.<anonymous> (C:\Users\Javier\Documents\GitHub\TFGRepos\Back\tfg-backend\tests\unit\controllers\risk.controller.test.js:455:21)
        at Promise.finally.completed (C:\Users\Javier\Documents\GitHub\TFGRepos\Back\tfg-backend\node_modules\jest-circus\build\jestAdapterInit.js:1557:28)
        at new Promise (<anonymous>)
        at callAsyncCircusFn (C:\Users\Javier\Documents\GitHub\TFGRepos\Back\tfg-backend\node_modules\jest-circus\build\jestAdapterInit.js:1497:10)
        at _callCircusTest (C:\Users\Javier\Documents\GitHub\TFGRepos\Back\tfg-backend\node_modules\jest-circus\build\jestAdapterInit.js:1007:40)
        at _runTest (C:\Users\Javier\Documents\GitHub\TFGRepos\Back\tfg-backend\node_modules\jest-circus\build\jestAdapterInit.js:947:3)
        at C:\Users\Javier\Documents\GitHub\TFGRepos\Back\tfg-backend\node_modules\jest-circus\build\jestAdapterInit.js:849:7
        at _runTestsForDescribeBlock (C:\Users\Javier\Documents\GitHub\TFGRepos\Back\tfg-backend\node_modules\jest-circus\build\jestAdapterInit.js:862:11)
        at _runTestsForDescribeBlock (C:\Users\Javier\Documents\GitHub\TFGRepos\Back\tfg-backend\node_modules\jest-circus\build\jestAdapterInit.js:857:11)
        at _runTestsForDescribeBlock (C:\Users\Javier\Documents\GitHub\TFGRepos\Back\tfg-backend\node_modules\jest-circus\build\jestAdapterInit.js:857:11)
        at run (C:\Users\Javier\Documents\GitHub\TFGRepos\Back\tfg-backend\node_modules\jest-circus\build\jestAdapterInit.js:761:3)
        at runAndTransformResultsToJestFormat (C:\Users\Javier\Documents\GitHub\TFGRepos\Back\tfg-backend\node_modules\jest-circus\build\jestAdapterInit.js:1918:21)
        at jestAdapter (C:\Users\Javier\Documents\GitHub\TFGRepos\Back\tfg-backend\node_modules\jest-circus\build\runner.js:101:19)
        at runTestInternal (C:\Users\Javier\Documents\GitHub\TFGRepos\Back\tfg-backend\node_modules\jest-runner\build\index.js:275:16)
        at runTest (C:\Users\Javier\Documents\GitHub\TFGRepos\Back\tfg-backend\node_modules\jest-runner\build\index.js:343:7)

    [0m [90m 36 |[39m     [36mreturn[39m[33m;[39m
     [90m 37 |[39m   }
    [31m[1m>[22m[39m[90m 38 |[39m   originalConsole[33m.[39merror([33m...[39margs)[33m;[39m
     [90m    |[39m                   [31m[1m^[22m[39m
     [90m 39 |[39m }[33m;[39m
     [90m 40 |[39m
     [90m 41 |[39m [90m// Timeout global para tests[39m[0m

      at console.error (tests/setup/test-setup.js:38:19)
      at RiskController.error [as getOrganizationStats] (src/controllers/risk.controller.js:471:15)
      at Object.<anonymous> (tests/unit/controllers/risk.controller.test.js:458:7)

  console.error
    Error getting accuracy report: Error: Service error
        at Object.<anonymous> (C:\Users\Javier\Documents\GitHub\TFGRepos\Back\tfg-backend\tests\unit\controllers\risk.controller.test.js:489:21)
        at Promise.finally.completed (C:\Users\Javier\Documents\GitHub\TFGRepos\Back\tfg-backend\node_modules\jest-circus\build\jestAdapterInit.js:1557:28)
        at new Promise (<anonymous>)
        at callAsyncCircusFn (C:\Users\Javier\Documents\GitHub\TFGRepos\Back\tfg-backend\node_modules\jest-circus\build\jestAdapterInit.js:1497:10)
        at _callCircusTest (C:\Users\Javier\Documents\GitHub\TFGRepos\Back\tfg-backend\node_modules\jest-circus\build\jestAdapterInit.js:1007:40)
        at _runTest (C:\Users\Javier\Documents\GitHub\TFGRepos\Back\tfg-backend\node_modules\jest-circus\build\jestAdapterInit.js:947:3)
        at C:\Users\Javier\Documents\GitHub\TFGRepos\Back\tfg-backend\node_modules\jest-circus\build\jestAdapterInit.js:849:7
        at _runTestsForDescribeBlock (C:\Users\Javier\Documents\GitHub\TFGRepos\Back\tfg-backend\node_modules\jest-circus\build\jestAdapterInit.js:862:11)
        at _runTestsForDescribeBlock (C:\Users\Javier\Documents\GitHub\TFGRepos\Back\tfg-backend\node_modules\jest-circus\build\jestAdapterInit.js:857:11)
        at _runTestsForDescribeBlock (C:\Users\Javier\Documents\GitHub\TFGRepos\Back\tfg-backend\node_modules\jest-circus\build\jestAdapterInit.js:857:11)
        at run (C:\Users\Javier\Documents\GitHub\TFGRepos\Back\tfg-backend\node_modules\jest-circus\build\jestAdapterInit.js:761:3)
        at runAndTransformResultsToJestFormat (C:\Users\Javier\Documents\GitHub\TFGRepos\Back\tfg-backend\node_modules\jest-circus\build\jestAdapterInit.js:1918:21)
        at jestAdapter (C:\Users\Javier\Documents\GitHub\TFGRepos\Back\tfg-backend\node_modules\jest-circus\build\runner.js:101:19)
        at runTestInternal (C:\Users\Javier\Documents\GitHub\TFGRepos\Back\tfg-backend\node_modules\jest-runner\build\index.js:275:16)
        at runTest (C:\Users\Javier\Documents\GitHub\TFGRepos\Back\tfg-backend\node_modules\jest-runner\build\index.js:343:7)

    [0m [90m 36 |[39m     [36mreturn[39m[33m;[39m
     [90m 37 |[39m   }
    [31m[1m>[22m[39m[90m 38 |[39m   originalConsole[33m.[39merror([33m...[39margs)[33m;[39m
     [90m    |[39m                   [31m[1m^[22m[39m
     [90m 39 |[39m }[33m;[39m
     [90m 40 |[39m
     [90m 41 |[39m [90m// Timeout global para tests[39m[0m

      at console.error (tests/setup/test-setup.js:38:19)
      at RiskController.error [as getAccuracyReport] (src/controllers/risk.controller.js:494:15)
      at Object.<anonymous> (tests/unit/controllers/risk.controller.test.js:492:7)

  console.error
    Error getting case base stats: Error: Database error
        at Object.<anonymous> (C:\Users\Javier\Documents\GitHub\TFGRepos\Back\tfg-backend\tests\unit\controllers\risk.controller.test.js:515:21)
        at Promise.finally.completed (C:\Users\Javier\Documents\GitHub\TFGRepos\Back\tfg-backend\node_modules\jest-circus\build\jestAdapterInit.js:1557:28)
        at new Promise (<anonymous>)
        at callAsyncCircusFn (C:\Users\Javier\Documents\GitHub\TFGRepos\Back\tfg-backend\node_modules\jest-circus\build\jestAdapterInit.js:1497:10)
        at _callCircusTest (C:\Users\Javier\Documents\GitHub\TFGRepos\Back\tfg-backend\node_modules\jest-circus\build\jestAdapterInit.js:1007:40)
        at _runTest (C:\Users\Javier\Documents\GitHub\TFGRepos\Back\tfg-backend\node_modules\jest-circus\build\jestAdapterInit.js:947:3)
        at C:\Users\Javier\Documents\GitHub\TFGRepos\Back\tfg-backend\node_modules\jest-circus\build\jestAdapterInit.js:849:7
        at _runTestsForDescribeBlock (C:\Users\Javier\Documents\GitHub\TFGRepos\Back\tfg-backend\node_modules\jest-circus\build\jestAdapterInit.js:862:11)
        at _runTestsForDescribeBlock (C:\Users\Javier\Documents\GitHub\TFGRepos\Back\tfg-backend\node_modules\jest-circus\build\jestAdapterInit.js:857:11)
        at _runTestsForDescribeBlock (C:\Users\Javier\Documents\GitHub\TFGRepos\Back\tfg-backend\node_modules\jest-circus\build\jestAdapterInit.js:857:11)
        at run (C:\Users\Javier\Documents\GitHub\TFGRepos\Back\tfg-backend\node_modules\jest-circus\build\jestAdapterInit.js:761:3)
        at runAndTransformResultsToJestFormat (C:\Users\Javier\Documents\GitHub\TFGRepos\Back\tfg-backend\node_modules\jest-circus\build\jestAdapterInit.js:1918:21)
        at jestAdapter (C:\Users\Javier\Documents\GitHub\TFGRepos\Back\tfg-backend\node_modules\jest-circus\build\runner.js:101:19)
        at runTestInternal (C:\Users\Javier\Documents\GitHub\TFGRepos\Back\tfg-backend\node_modules\jest-runner\build\index.js:275:16)
        at runTest (C:\Users\Javier\Documents\GitHub\TFGRepos\Back\tfg-backend\node_modules\jest-runner\build\index.js:343:7)

    [0m [90m 36 |[39m     [36mreturn[39m[33m;[39m
     [90m 37 |[39m   }
    [31m[1m>[22m[39m[90m 38 |[39m   originalConsole[33m.[39merror([33m...[39margs)[33m;[39m
     [90m    |[39m                   [31m[1m^[22m[39m
     [90m 39 |[39m }[33m;[39m
     [90m 40 |[39m
     [90m 41 |[39m [90m// Timeout global para tests[39m[0m

      at console.error (tests/setup/test-setup.js:38:19)
      at RiskController.error [as getCaseBaseStats] (src/controllers/risk.controller.js:517:15)
      at Object.<anonymous> (tests/unit/controllers/risk.controller.test.js:518:7)

  console.error
    Error loading seed cases: Error: Service error
        at Object.<anonymous> (C:\Users\Javier\Documents\GitHub\TFGRepos\Back\tfg-backend\tests\unit\controllers\risk.controller.test.js:626:21)
        at Promise.finally.completed (C:\Users\Javier\Documents\GitHub\TFGRepos\Back\tfg-backend\node_modules\jest-circus\build\jestAdapterInit.js:1557:28)
        at new Promise (<anonymous>)
        at callAsyncCircusFn (C:\Users\Javier\Documents\GitHub\TFGRepos\Back\tfg-backend\node_modules\jest-circus\build\jestAdapterInit.js:1497:10)
        at _callCircusTest (C:\Users\Javier\Documents\GitHub\TFGRepos\Back\tfg-backend\node_modules\jest-circus\build\jestAdapterInit.js:1007:40)
        at _runTest (C:\Users\Javier\Documents\GitHub\TFGRepos\Back\tfg-backend\node_modules\jest-circus\build\jestAdapterInit.js:947:3)
        at C:\Users\Javier\Documents\GitHub\TFGRepos\Back\tfg-backend\node_modules\jest-circus\build\jestAdapterInit.js:849:7
        at _runTestsForDescribeBlock (C:\Users\Javier\Documents\GitHub\TFGRepos\Back\tfg-backend\node_modules\jest-circus\build\jestAdapterInit.js:862:11)
        at _runTestsForDescribeBlock (C:\Users\Javier\Documents\GitHub\TFGRepos\Back\tfg-backend\node_modules\jest-circus\build\jestAdapterInit.js:857:11)
        at _runTestsForDescribeBlock (C:\Users\Javier\Documents\GitHub\TFGRepos\Back\tfg-backend\node_modules\jest-circus\build\jestAdapterInit.js:857:11)
        at run (C:\Users\Javier\Documents\GitHub\TFGRepos\Back\tfg-backend\node_modules\jest-circus\build\jestAdapterInit.js:761:3)
        at runAndTransformResultsToJestFormat (C:\Users\Javier\Documents\GitHub\TFGRepos\Back\tfg-backend\node_modules\jest-circus\build\jestAdapterInit.js:1918:21)
        at jestAdapter (C:\Users\Javier\Documents\GitHub\TFGRepos\Back\tfg-backend\node_modules\jest-circus\build\runner.js:101:19)
        at runTestInternal (C:\Users\Javier\Documents\GitHub\TFGRepos\Back\tfg-backend\node_modules\jest-runner\build\index.js:275:16)
        at runTest (C:\Users\Javier\Documents\GitHub\TFGRepos\Back\tfg-backend\node_modules\jest-runner\build\index.js:343:7)

    [0m [90m 36 |[39m     [36mreturn[39m[33m;[39m
     [90m 37 |[39m   }
    [31m[1m>[22m[39m[90m 38 |[39m   originalConsole[33m.[39merror([33m...[39margs)[33m;[39m
     [90m    |[39m                   [31m[1m^[22m[39m
     [90m 39 |[39m }[33m;[39m
     [90m 40 |[39m
     [90m 41 |[39m [90m// Timeout global para tests[39m[0m

      at console.error (tests/setup/test-setup.js:38:19)
      at RiskController.error [as loadSeedCases] (src/controllers/risk.controller.js:614:15)
      at Object.<anonymous> (tests/unit/controllers/risk.controller.test.js:629:7)

  console.error
    Error getting seed cases: Error: Service error
        at Object.<anonymous> (C:\Users\Javier\Documents\GitHub\TFGRepos\Back\tfg-backend\tests\unit\controllers\risk.controller.test.js:657:21)
        at Promise.finally.completed (C:\Users\Javier\Documents\GitHub\TFGRepos\Back\tfg-backend\node_modules\jest-circus\build\jestAdapterInit.js:1557:28)
        at new Promise (<anonymous>)
        at callAsyncCircusFn (C:\Users\Javier\Documents\GitHub\TFGRepos\Back\tfg-backend\node_modules\jest-circus\build\jestAdapterInit.js:1497:10)
        at _callCircusTest (C:\Users\Javier\Documents\GitHub\TFGRepos\Back\tfg-backend\node_modules\jest-circus\build\jestAdapterInit.js:1007:40)
        at _runTest (C:\Users\Javier\Documents\GitHub\TFGRepos\Back\tfg-backend\node_modules\jest-circus\build\jestAdapterInit.js:947:3)
        at C:\Users\Javier\Documents\GitHub\TFGRepos\Back\tfg-backend\node_modules\jest-circus\build\jestAdapterInit.js:849:7
        at _runTestsForDescribeBlock (C:\Users\Javier\Documents\GitHub\TFGRepos\Back\tfg-backend\node_modules\jest-circus\build\jestAdapterInit.js:862:11)
        at _runTestsForDescribeBlock (C:\Users\Javier\Documents\GitHub\TFGRepos\Back\tfg-backend\node_modules\jest-circus\build\jestAdapterInit.js:857:11)
        at _runTestsForDescribeBlock (C:\Users\Javier\Documents\GitHub\TFGRepos\Back\tfg-backend\node_modules\jest-circus\build\jestAdapterInit.js:857:11)
        at run (C:\Users\Javier\Documents\GitHub\TFGRepos\Back\tfg-backend\node_modules\jest-circus\build\jestAdapterInit.js:761:3)
        at runAndTransformResultsToJestFormat (C:\Users\Javier\Documents\GitHub\TFGRepos\Back\tfg-backend\node_modules\jest-circus\build\jestAdapterInit.js:1918:21)
        at jestAdapter (C:\Users\Javier\Documents\GitHub\TFGRepos\Back\tfg-backend\node_modules\jest-circus\build\runner.js:101:19)
        at runTestInternal (C:\Users\Javier\Documents\GitHub\TFGRepos\Back\tfg-backend\node_modules\jest-runner\build\index.js:275:16)
        at runTest (C:\Users\Javier\Documents\GitHub\TFGRepos\Back\tfg-backend\node_modules\jest-runner\build\index.js:343:7)

    [0m [90m 36 |[39m     [36mreturn[39m[33m;[39m
     [90m 37 |[39m   }
    [31m[1m>[22m[39m[90m 38 |[39m   originalConsole[33m.[39merror([33m...[39margs)[33m;[39m
     [90m    |[39m                   [31m[1m^[22m[39m
     [90m 39 |[39m }[33m;[39m
     [90m 40 |[39m
     [90m 41 |[39m [90m// Timeout global para tests[39m[0m

      at console.error (tests/setup/test-setup.js:38:19)
      at RiskController.error [as getSeedCases] (src/controllers/risk.controller.js:638:15)
      at Object.<anonymous> (tests/unit/controllers/risk.controller.test.js:660:7)

FAIL tests/unit/controllers/risk.controller.test.js
  Risk Controller - Unit Tests
    predictRisks
      ÔêÜ should predict risks successfully (42 ms)
      ÔêÜ should return 404 when project not found (21 ms)
      ÔêÜ should return 500 for other errors (5 ms)
    getProjectRisks
      ├ù should get project risks successfully (11 ms)
      ÔêÜ should filter by status (6 ms)
      ÔêÜ should filter by occurred (2 ms)
      ÔêÜ should return 404 when project not found (2 ms)
    getRiskById
      ├ù should get risk by id successfully (4 ms)
      ÔêÜ should return 404 when risk not found
      ÔêÜ should handle errors (2 ms)
    updateRiskFeedback
      ÔêÜ should update risk feedback successfully (3 ms)
      ÔêÜ should return 404 when risk not found
      ÔêÜ should handle errors (3 ms)
    captureOutcome
      ÔêÜ should capture outcome successfully
      ÔêÜ should return 404 when project not found (1 ms)
      ÔêÜ should return 403 when not authorized (2 ms)
      ÔêÜ should return 400 when required fields missing (1 ms)
    getOutcomeForm
      ÔêÜ should get outcome form successfully with language support (1 ms)
      ÔêÜ should get outcome form in English when lang=en (1 ms)
      ÔêÜ should return 404 when project not found (1 ms)
    getOrganizationInsights
      ÔêÜ should get organization insights successfully
      ÔêÜ should handle errors (2 ms)
    getOrganizationStats
      ÔêÜ should get organization stats successfully (1 ms)
      ÔêÜ should handle errors (2 ms)
    getAccuracyReport
      ÔêÜ should get accuracy report successfully (1 ms)
      ÔêÜ should handle errors (1 ms)
    getCaseBaseStats
      ÔêÜ should get case base stats successfully (1 ms)
      ÔêÜ should handle errors (3 ms)
    getOrganizationCases
      ÔêÜ should get organization cases successfully (1 ms)
      ÔêÜ should filter by type
    getCaseById
      ÔêÜ should get case by id successfully
      ÔêÜ should return 404 when case not found
    loadSeedCases
      ÔêÜ should load seed cases successfully
      ÔêÜ should handle errors (2 ms)
    getSeedCases
      ÔêÜ should get seed cases successfully
      ÔêÜ should handle errors (1 ms)

  ÔùÅ Risk Controller - Unit Tests ÔÇ║ getProjectRisks ÔÇ║ should get project risks successfully

    expect(jest.fn()).toHaveBeenCalledWith(...expected)

    Expected: 200
    Received: 500

    Number of calls: 1

      104 |         {}
      105 |       );
    > 106 |       expect(res.status).toHaveBeenCalledWith(200);
          |                          ^
      107 |       expect(res.json).toHaveBeenCalledWith({
      108 |         success: true,
      109 |         data: mockRisks

      at Object.toHaveBeenCalledWith (tests/unit/controllers/risk.controller.test.js:106:26)

  ÔùÅ Risk Controller - Unit Tests ÔÇ║ getRiskById ÔÇ║ should get risk by id successfully

    expect(jest.fn()).toHaveBeenCalledWith(...expected)

    - Expected
    + Received

      Object {
        "data": Object {
          "_id": "risk123",
    -     "populate": [Function mockConstructor],
          "severity": "high",
    -     "toObject": [Function mockConstructor],
          "type": "schedule",
        },
    +   "language": "es",
        "success": true,
      },

    Number of calls: 1

      170 |       expect(Risk.findById).toHaveBeenCalledWith('risk123');
      171 |       expect(res.status).toHaveBeenCalledWith(200);
    > 172 |       expect(res.json).toHaveBeenCalledWith({
          |                        ^
      173 |         success: true,
      174 |         data: mockRisk
      175 |       });

      at Object.toHaveBeenCalledWith (tests/unit/controllers/risk.controller.test.js:172:24)

Test Suites: 1 failed, 1 total
Tests:       2 failed, 34 passed, 36 total
Snapshots:   0 total
Time:        1.912 s, estimated 3 s
Ran all test suites matching tests/unit/controllers/risk.controller.test.js.
Ô£ô MongoDB test server closed successfully
